---
source: crates/facet_generate/src/reflection/opaque_proxy_combinations.rs
expression: "reflect!(Mixed, UserId).unwrap()"
---
? namespace: ROOT
  name: Mixed
: STRUCT:
    - - meta:
          - TUPLE:
              - U32
              - U32
          - []
      - payload:
          - BYTES
          - []
      - user_id:
          - TYPENAME:
              namespace: ROOT
              name: UserId
          - []
    - []
? namespace: ROOT
  name: UserId
: NEWTYPESTRUCT:
    - STR
    - - "Domain ID with `Facet`. Wire anchor for typegen."
